// Jest Snapshot v1, https://goo.gl/fbAQLP

exports[`plugin replaces $TestId in properties 1`] = `
"const x = {
  prop: \\"Hello\\"
};"
`;

exports[`plugin replaces $TestId in properties with custom magic object 1`] = `
"const x = {
  prop: \\"Hello\\"
};"
`;
